test_files/iso_accent.input: Unicode text, UTF-8 text
